PHPUnit 10.5.63 by Sebastian Bergmann and contributors.

Runtime:       PHP 8.2.12
Configuration: C:\xampp\htdocs\UniLearn-PI-main\phpunit.xml

EEEEEEEEEEEEEEEEEEEEEEEEEEEEEEE                                   31 / 31 (100%)

Time: 00:00.240, Memory: 16.00 MB

There were 31 errors:

1) App\Tests\BookingTest::testBookingList
LogicException: Could not find service "test.service_container". Try updating the "framework.test" config to "true".

C:\xampp\htdocs\UniLearn-PI-main\vendor\symfony\framework-bundle\Test\KernelTestCase.php:120
C:\xampp\htdocs\UniLearn-PI-main\vendor\symfony\framework-bundle\Test\KernelTestCase.php:89
C:\xampp\htdocs\UniLearn-PI-main\vendor\symfony\framework-bundle\Test\WebTestCase.php:44
C:\xampp\htdocs\UniLearn-PI-main\tests\BookingTest.php:11

Caused by
Symfony\Component\DependencyInjection\Exception\ServiceNotFoundException: You have requested a non-existent service "test.service_container". Did you mean this: "service_container"?

C:\xampp\htdocs\UniLearn-PI-main\vendor\symfony\dependency-injection\Container.php:263
C:\xampp\htdocs\UniLearn-PI-main\vendor\symfony\dependency-injection\Container.php:211
C:\xampp\htdocs\UniLearn-PI-main\vendor\symfony\framework-bundle\Test\KernelTestCase.php:118
C:\xampp\htdocs\UniLearn-PI-main\vendor\symfony\framework-bundle\Test\KernelTestCase.php:89
C:\xampp\htdocs\UniLearn-PI-main\vendor\symfony\framework-bundle\Test\WebTestCase.php:44
C:\xampp\htdocs\UniLearn-PI-main\tests\BookingTest.php:11

2) App\Tests\BookingTest::testBookingCreate
LogicException: Could not find service "test.service_container". Try updating the "framework.test" config to "true".

C:\xampp\htdocs\UniLearn-PI-main\vendor\symfony\framework-bundle\Test\KernelTestCase.php:120
C:\xampp\htdocs\UniLearn-PI-main\vendor\symfony\framework-bundle\Test\KernelTestCase.php:89
C:\xampp\htdocs\UniLearn-PI-main\vendor\symfony\framework-bundle\Test\WebTestCase.php:44
C:\xampp\htdocs\UniLearn-PI-main\tests\BookingTest.php:20

Caused by
Symfony\Component\DependencyInjection\Exception\ServiceNotFoundException: You have requested a non-existent service "test.service_container". Did you mean this: "service_container"?

C:\xampp\htdocs\UniLearn-PI-main\vendor\symfony\dependency-injection\Container.php:263
C:\xampp\htdocs\UniLearn-PI-main\vendor\symfony\dependency-injection\Container.php:211
C:\xampp\htdocs\UniLearn-PI-main\vendor\symfony\framework-bundle\Test\KernelTestCase.php:118
C:\xampp\htdocs\UniLearn-PI-main\vendor\symfony\framework-bundle\Test\KernelTestCase.php:89
C:\xampp\htdocs\UniLearn-PI-main\vendor\symfony\framework-bundle\Test\WebTestCase.php:44
C:\xampp\htdocs\UniLearn-PI-main\tests\BookingTest.php:20

3) App\Tests\BookingTest::testBookingShow
LogicException: Could not find service "test.service_container". Try updating the "framework.test" config to "true".

C:\xampp\htdocs\UniLearn-PI-main\vendor\symfony\framework-bundle\Test\KernelTestCase.php:120
C:\xampp\htdocs\UniLearn-PI-main\vendor\symfony\framework-bundle\Test\KernelTestCase.php:89
C:\xampp\htdocs\UniLearn-PI-main\vendor\symfony\framework-bundle\Test\WebTestCase.php:44
C:\xampp\htdocs\UniLearn-PI-main\tests\BookingTest.php:29

Caused by
Symfony\Component\DependencyInjection\Exception\ServiceNotFoundException: You have requested a non-existent service "test.service_container". Did you mean this: "service_container"?

C:\xampp\htdocs\UniLearn-PI-main\vendor\symfony\dependency-injection\Container.php:263
C:\xampp\htdocs\UniLearn-PI-main\vendor\symfony\dependency-injection\Container.php:211
C:\xampp\htdocs\UniLearn-PI-main\vendor\symfony\framework-bundle\Test\KernelTestCase.php:118
C:\xampp\htdocs\UniLearn-PI-main\vendor\symfony\framework-bundle\Test\KernelTestCase.php:89
C:\xampp\htdocs\UniLearn-PI-main\vendor\symfony\framework-bundle\Test\WebTestCase.php:44
C:\xampp\htdocs\UniLearn-PI-main\tests\BookingTest.php:29

4) App\Tests\CertificateTest::testCertificateList
LogicException: Could not find service "test.service_container". Try updating the "framework.test" config to "true".

C:\xampp\htdocs\UniLearn-PI-main\vendor\symfony\framework-bundle\Test\KernelTestCase.php:120
C:\xampp\htdocs\UniLearn-PI-main\vendor\symfony\framework-bundle\Test\KernelTestCase.php:89
C:\xampp\htdocs\UniLearn-PI-main\vendor\symfony\framework-bundle\Test\WebTestCase.php:44
C:\xampp\htdocs\UniLearn-PI-main\tests\CertificateTest.php:11

Caused by
Symfony\Component\DependencyInjection\Exception\ServiceNotFoundException: You have requested a non-existent service "test.service_container". Did you mean this: "service_container"?

C:\xampp\htdocs\UniLearn-PI-main\vendor\symfony\dependency-injection\Container.php:263
C:\xampp\htdocs\UniLearn-PI-main\vendor\symfony\dependency-injection\Container.php:211
C:\xampp\htdocs\UniLearn-PI-main\vendor\symfony\framework-bundle\Test\KernelTestCase.php:118
C:\xampp\htdocs\UniLearn-PI-main\vendor\symfony\framework-bundle\Test\KernelTestCase.php:89
C:\xampp\htdocs\UniLearn-PI-main\vendor\symfony\framework-bundle\Test\WebTestCase.php:44
C:\xampp\htdocs\UniLearn-PI-main\tests\CertificateTest.php:11

5) App\Tests\CertificateTest::testCertificateShow
LogicException: Could not find service "test.service_container". Try updating the "framework.test" config to "true".

C:\xampp\htdocs\UniLearn-PI-main\vendor\symfony\framework-bundle\Test\KernelTestCase.php:120
C:\xampp\htdocs\UniLearn-PI-main\vendor\symfony\framework-bundle\Test\KernelTestCase.php:89
C:\xampp\htdocs\UniLearn-PI-main\vendor\symfony\framework-bundle\Test\WebTestCase.php:44
C:\xampp\htdocs\UniLearn-PI-main\tests\CertificateTest.php:18

Caused by
Symfony\Component\DependencyInjection\Exception\ServiceNotFoundException: You have requested a non-existent service "test.service_container". Did you mean this: "service_container"?

C:\xampp\htdocs\UniLearn-PI-main\vendor\symfony\dependency-injection\Container.php:263
C:\xampp\htdocs\UniLearn-PI-main\vendor\symfony\dependency-injection\Container.php:211
C:\xampp\htdocs\UniLearn-PI-main\vendor\symfony\framework-bundle\Test\KernelTestCase.php:118
C:\xampp\htdocs\UniLearn-PI-main\vendor\symfony\framework-bundle\Test\KernelTestCase.php:89
C:\xampp\htdocs\UniLearn-PI-main\vendor\symfony\framework-bundle\Test\WebTestCase.php:44
C:\xampp\htdocs\UniLearn-PI-main\tests\CertificateTest.php:18

6) App\Tests\CertificateTest::testCertificateDownload
LogicException: Could not find service "test.service_container". Try updating the "framework.test" config to "true".

C:\xampp\htdocs\UniLearn-PI-main\vendor\symfony\framework-bundle\Test\KernelTestCase.php:120
C:\xampp\htdocs\UniLearn-PI-main\vendor\symfony\framework-bundle\Test\KernelTestCase.php:89
C:\xampp\htdocs\UniLearn-PI-main\vendor\symfony\framework-bundle\Test\WebTestCase.php:44
C:\xampp\htdocs\UniLearn-PI-main\tests\CertificateTest.php:25

Caused by
Symfony\Component\DependencyInjection\Exception\ServiceNotFoundException: You have requested a non-existent service "test.service_container". Did you mean this: "service_container"?

C:\xampp\htdocs\UniLearn-PI-main\vendor\symfony\dependency-injection\Container.php:263
C:\xampp\htdocs\UniLearn-PI-main\vendor\symfony\dependency-injection\Container.php:211
C:\xampp\htdocs\UniLearn-PI-main\vendor\symfony\framework-bundle\Test\KernelTestCase.php:118
C:\xampp\htdocs\UniLearn-PI-main\vendor\symfony\framework-bundle\Test\KernelTestCase.php:89
C:\xampp\htdocs\UniLearn-PI-main\vendor\symfony\framework-bundle\Test\WebTestCase.php:44
C:\xampp\htdocs\UniLearn-PI-main\tests\CertificateTest.php:25

7) App\Tests\CourseTest::testCourseList
LogicException: Could not find service "test.service_container". Try updating the "framework.test" config to "true".

C:\xampp\htdocs\UniLearn-PI-main\vendor\symfony\framework-bundle\Test\KernelTestCase.php:120
C:\xampp\htdocs\UniLearn-PI-main\vendor\symfony\framework-bundle\Test\KernelTestCase.php:89
C:\xampp\htdocs\UniLearn-PI-main\vendor\symfony\framework-bundle\Test\WebTestCase.php:44
C:\xampp\htdocs\UniLearn-PI-main\tests\CourseTest.php:11

Caused by
Symfony\Component\DependencyInjection\Exception\ServiceNotFoundException: You have requested a non-existent service "test.service_container". Did you mean this: "service_container"?

C:\xampp\htdocs\UniLearn-PI-main\vendor\symfony\dependency-injection\Container.php:263
C:\xampp\htdocs\UniLearn-PI-main\vendor\symfony\dependency-injection\Container.php:211
C:\xampp\htdocs\UniLearn-PI-main\vendor\symfony\framework-bundle\Test\KernelTestCase.php:118
C:\xampp\htdocs\UniLearn-PI-main\vendor\symfony\framework-bundle\Test\KernelTestCase.php:89
C:\xampp\htdocs\UniLearn-PI-main\vendor\symfony\framework-bundle\Test\WebTestCase.php:44
C:\xampp\htdocs\UniLearn-PI-main\tests\CourseTest.php:11

8) App\Tests\CourseTest::testCourseShow
LogicException: Could not find service "test.service_container". Try updating the "framework.test" config to "true".

C:\xampp\htdocs\UniLearn-PI-main\vendor\symfony\framework-bundle\Test\KernelTestCase.php:120
C:\xampp\htdocs\UniLearn-PI-main\vendor\symfony\framework-bundle\Test\KernelTestCase.php:89
C:\xampp\htdocs\UniLearn-PI-main\vendor\symfony\framework-bundle\Test\WebTestCase.php:44
C:\xampp\htdocs\UniLearn-PI-main\tests\CourseTest.php:21

Caused by
Symfony\Component\DependencyInjection\Exception\ServiceNotFoundException: You have requested a non-existent service "test.service_container". Did you mean this: "service_container"?

C:\xampp\htdocs\UniLearn-PI-main\vendor\symfony\dependency-injection\Container.php:263
C:\xampp\htdocs\UniLearn-PI-main\vendor\symfony\dependency-injection\Container.php:211
C:\xampp\htdocs\UniLearn-PI-main\vendor\symfony\framework-bundle\Test\KernelTestCase.php:118
C:\xampp\htdocs\UniLearn-PI-main\vendor\symfony\framework-bundle\Test\KernelTestCase.php:89
C:\xampp\htdocs\UniLearn-PI-main\vendor\symfony\framework-bundle\Test\WebTestCase.php:44
C:\xampp\htdocs\UniLearn-PI-main\tests\CourseTest.php:21

9) App\Tests\InstructorTest::testInstructorList
LogicException: Could not find service "test.service_container". Try updating the "framework.test" config to "true".

C:\xampp\htdocs\UniLearn-PI-main\vendor\symfony\framework-bundle\Test\KernelTestCase.php:120
C:\xampp\htdocs\UniLearn-PI-main\vendor\symfony\framework-bundle\Test\KernelTestCase.php:89
C:\xampp\htdocs\UniLearn-PI-main\vendor\symfony\framework-bundle\Test\WebTestCase.php:44
C:\xampp\htdocs\UniLearn-PI-main\tests\InstructorTest.php:11

Caused by
Symfony\Component\DependencyInjection\Exception\ServiceNotFoundException: You have requested a non-existent service "test.service_container". Did you mean this: "service_container"?

C:\xampp\htdocs\UniLearn-PI-main\vendor\symfony\dependency-injection\Container.php:263
C:\xampp\htdocs\UniLearn-PI-main\vendor\symfony\dependency-injection\Container.php:211
C:\xampp\htdocs\UniLearn-PI-main\vendor\symfony\framework-bundle\Test\KernelTestCase.php:118
C:\xampp\htdocs\UniLearn-PI-main\vendor\symfony\framework-bundle\Test\KernelTestCase.php:89
C:\xampp\htdocs\UniLearn-PI-main\vendor\symfony\framework-bundle\Test\WebTestCase.php:44
C:\xampp\htdocs\UniLearn-PI-main\tests\InstructorTest.php:11

10) App\Tests\InstructorTest::testInstructorProfile
LogicException: Could not find service "test.service_container". Try updating the "framework.test" config to "true".

C:\xampp\htdocs\UniLearn-PI-main\vendor\symfony\framework-bundle\Test\KernelTestCase.php:120
C:\xampp\htdocs\UniLearn-PI-main\vendor\symfony\framework-bundle\Test\KernelTestCase.php:89
C:\xampp\htdocs\UniLearn-PI-main\vendor\symfony\framework-bundle\Test\WebTestCase.php:44
C:\xampp\htdocs\UniLearn-PI-main\tests\InstructorTest.php:20

Caused by
Symfony\Component\DependencyInjection\Exception\ServiceNotFoundException: You have requested a non-existent service "test.service_container". Did you mean this: "service_container"?

C:\xampp\htdocs\UniLearn-PI-main\vendor\symfony\dependency-injection\Container.php:263
C:\xampp\htdocs\UniLearn-PI-main\vendor\symfony\dependency-injection\Container.php:211
C:\xampp\htdocs\UniLearn-PI-main\vendor\symfony\framework-bundle\Test\KernelTestCase.php:118
C:\xampp\htdocs\UniLearn-PI-main\vendor\symfony\framework-bundle\Test\KernelTestCase.php:89
C:\xampp\htdocs\UniLearn-PI-main\vendor\symfony\framework-bundle\Test\WebTestCase.php:44
C:\xampp\htdocs\UniLearn-PI-main\tests\InstructorTest.php:20

11) App\Tests\InstructorTest::testInstructorDashboard
LogicException: Could not find service "test.service_container". Try updating the "framework.test" config to "true".

C:\xampp\htdocs\UniLearn-PI-main\vendor\symfony\framework-bundle\Test\KernelTestCase.php:120
C:\xampp\htdocs\UniLearn-PI-main\vendor\symfony\framework-bundle\Test\KernelTestCase.php:89
C:\xampp\htdocs\UniLearn-PI-main\vendor\symfony\framework-bundle\Test\WebTestCase.php:44
C:\xampp\htdocs\UniLearn-PI-main\tests\InstructorTest.php:29

Caused by
Symfony\Component\DependencyInjection\Exception\ServiceNotFoundException: You have requested a non-existent service "test.service_container". Did you mean this: "service_container"?

C:\xampp\htdocs\UniLearn-PI-main\vendor\symfony\dependency-injection\Container.php:263
C:\xampp\htdocs\UniLearn-PI-main\vendor\symfony\dependency-injection\Container.php:211
C:\xampp\htdocs\UniLearn-PI-main\vendor\symfony\framework-bundle\Test\KernelTestCase.php:118
C:\xampp\htdocs\UniLearn-PI-main\vendor\symfony\framework-bundle\Test\KernelTestCase.php:89
C:\xampp\htdocs\UniLearn-PI-main\vendor\symfony\framework-bundle\Test\WebTestCase.php:44
C:\xampp\htdocs\UniLearn-PI-main\tests\InstructorTest.php:29

12) App\Tests\KernelTest::testApplicationBoot
LogicException: Could not find service "test.service_container". Try updating the "framework.test" config to "true".

C:\xampp\htdocs\UniLearn-PI-main\vendor\symfony\framework-bundle\Test\KernelTestCase.php:120
C:\xampp\htdocs\UniLearn-PI-main\vendor\symfony\framework-bundle\Test\KernelTestCase.php:89
C:\xampp\htdocs\UniLearn-PI-main\vendor\symfony\framework-bundle\Test\WebTestCase.php:44
C:\xampp\htdocs\UniLearn-PI-main\tests\KernelTest.php:11

Caused by
Symfony\Component\DependencyInjection\Exception\ServiceNotFoundException: You have requested a non-existent service "test.service_container". Did you mean this: "service_container"?

C:\xampp\htdocs\UniLearn-PI-main\vendor\symfony\dependency-injection\Container.php:263
C:\xampp\htdocs\UniLearn-PI-main\vendor\symfony\dependency-injection\Container.php:211
C:\xampp\htdocs\UniLearn-PI-main\vendor\symfony\framework-bundle\Test\KernelTestCase.php:118
C:\xampp\htdocs\UniLearn-PI-main\vendor\symfony\framework-bundle\Test\KernelTestCase.php:89
C:\xampp\htdocs\UniLearn-PI-main\vendor\symfony\framework-bundle\Test\WebTestCase.php:44
C:\xampp\htdocs\UniLearn-PI-main\tests\KernelTest.php:11

13) App\Tests\KernelTest::testHomePage
LogicException: Could not find service "test.service_container". Try updating the "framework.test" config to "true".

C:\xampp\htdocs\UniLearn-PI-main\vendor\symfony\framework-bundle\Test\KernelTestCase.php:120
C:\xampp\htdocs\UniLearn-PI-main\vendor\symfony\framework-bundle\Test\KernelTestCase.php:89
C:\xampp\htdocs\UniLearn-PI-main\vendor\symfony\framework-bundle\Test\WebTestCase.php:44
C:\xampp\htdocs\UniLearn-PI-main\tests\KernelTest.php:19

Caused by
Symfony\Component\DependencyInjection\Exception\ServiceNotFoundException: You have requested a non-existent service "test.service_container". Did you mean this: "service_container"?

C:\xampp\htdocs\UniLearn-PI-main\vendor\symfony\dependency-injection\Container.php:263
C:\xampp\htdocs\UniLearn-PI-main\vendor\symfony\dependency-injection\Container.php:211
C:\xampp\htdocs\UniLearn-PI-main\vendor\symfony\framework-bundle\Test\KernelTestCase.php:118
C:\xampp\htdocs\UniLearn-PI-main\vendor\symfony\framework-bundle\Test\KernelTestCase.php:89
C:\xampp\htdocs\UniLearn-PI-main\vendor\symfony\framework-bundle\Test\WebTestCase.php:44
C:\xampp\htdocs\UniLearn-PI-main\tests\KernelTest.php:19

14) App\Tests\KernelTest::testServiceContainer
LogicException: Could not find service "test.service_container". Try updating the "framework.test" config to "true".

C:\xampp\htdocs\UniLearn-PI-main\vendor\symfony\framework-bundle\Test\KernelTestCase.php:120
C:\xampp\htdocs\UniLearn-PI-main\vendor\symfony\framework-bundle\Test\KernelTestCase.php:89
C:\xampp\htdocs\UniLearn-PI-main\vendor\symfony\framework-bundle\Test\WebTestCase.php:44
C:\xampp\htdocs\UniLearn-PI-main\tests\KernelTest.php:30

Caused by
Symfony\Component\DependencyInjection\Exception\ServiceNotFoundException: You have requested a non-existent service "test.service_container". Did you mean this: "service_container"?

C:\xampp\htdocs\UniLearn-PI-main\vendor\symfony\dependency-injection\Container.php:263
C:\xampp\htdocs\UniLearn-PI-main\vendor\symfony\dependency-injection\Container.php:211
C:\xampp\htdocs\UniLearn-PI-main\vendor\symfony\framework-bundle\Test\KernelTestCase.php:118
C:\xampp\htdocs\UniLearn-PI-main\vendor\symfony\framework-bundle\Test\KernelTestCase.php:89
C:\xampp\htdocs\UniLearn-PI-main\vendor\symfony\framework-bundle\Test\WebTestCase.php:44
C:\xampp\htdocs\UniLearn-PI-main\tests\KernelTest.php:30

15) App\Tests\MessageTest::testMessageInbox
LogicException: Could not find service "test.service_container". Try updating the "framework.test" config to "true".

C:\xampp\htdocs\UniLearn-PI-main\vendor\symfony\framework-bundle\Test\KernelTestCase.php:120
C:\xampp\htdocs\UniLearn-PI-main\vendor\symfony\framework-bundle\Test\KernelTestCase.php:89
C:\xampp\htdocs\UniLearn-PI-main\vendor\symfony\framework-bundle\Test\WebTestCase.php:44
C:\xampp\htdocs\UniLearn-PI-main\tests\MessageTest.php:11

Caused by
Symfony\Component\DependencyInjection\Exception\ServiceNotFoundException: You have requested a non-existent service "test.service_container". Did you mean this: "service_container"?

C:\xampp\htdocs\UniLearn-PI-main\vendor\symfony\dependency-injection\Container.php:263
C:\xampp\htdocs\UniLearn-PI-main\vendor\symfony\dependency-injection\Container.php:211
C:\xampp\htdocs\UniLearn-PI-main\vendor\symfony\framework-bundle\Test\KernelTestCase.php:118
C:\xampp\htdocs\UniLearn-PI-main\vendor\symfony\framework-bundle\Test\KernelTestCase.php:89
C:\xampp\htdocs\UniLearn-PI-main\vendor\symfony\framework-bundle\Test\WebTestCase.php:44
C:\xampp\htdocs\UniLearn-PI-main\tests\MessageTest.php:11

16) App\Tests\MessageTest::testMessageSend
LogicException: Could not find service "test.service_container". Try updating the "framework.test" config to "true".

C:\xampp\htdocs\UniLearn-PI-main\vendor\symfony\framework-bundle\Test\KernelTestCase.php:120
C:\xampp\htdocs\UniLearn-PI-main\vendor\symfony\framework-bundle\Test\KernelTestCase.php:89
C:\xampp\htdocs\UniLearn-PI-main\vendor\symfony\framework-bundle\Test\WebTestCase.php:44
C:\xampp\htdocs\UniLearn-PI-main\tests\MessageTest.php:18

Caused by
Symfony\Component\DependencyInjection\Exception\ServiceNotFoundException: You have requested a non-existent service "test.service_container". Did you mean this: "service_container"?

C:\xampp\htdocs\UniLearn-PI-main\vendor\symfony\dependency-injection\Container.php:263
C:\xampp\htdocs\UniLearn-PI-main\vendor\symfony\dependency-injection\Container.php:211
C:\xampp\htdocs\UniLearn-PI-main\vendor\symfony\framework-bundle\Test\KernelTestCase.php:118
C:\xampp\htdocs\UniLearn-PI-main\vendor\symfony\framework-bundle\Test\KernelTestCase.php:89
C:\xampp\htdocs\UniLearn-PI-main\vendor\symfony\framework-bundle\Test\WebTestCase.php:44
C:\xampp\htdocs\UniLearn-PI-main\tests\MessageTest.php:18

17) App\Tests\MessageTest::testMessageView
LogicException: Could not find service "test.service_container". Try updating the "framework.test" config to "true".

C:\xampp\htdocs\UniLearn-PI-main\vendor\symfony\framework-bundle\Test\KernelTestCase.php:120
C:\xampp\htdocs\UniLearn-PI-main\vendor\symfony\framework-bundle\Test\KernelTestCase.php:89
C:\xampp\htdocs\UniLearn-PI-main\vendor\symfony\framework-bundle\Test\WebTestCase.php:44
C:\xampp\htdocs\UniLearn-PI-main\tests\MessageTest.php:25

Caused by
Symfony\Component\DependencyInjection\Exception\ServiceNotFoundException: You have requested a non-existent service "test.service_container". Did you mean this: "service_container"?

C:\xampp\htdocs\UniLearn-PI-main\vendor\symfony\dependency-injection\Container.php:263
C:\xampp\htdocs\UniLearn-PI-main\vendor\symfony\dependency-injection\Container.php:211
C:\xampp\htdocs\UniLearn-PI-main\vendor\symfony\framework-bundle\Test\KernelTestCase.php:118
C:\xampp\htdocs\UniLearn-PI-main\vendor\symfony\framework-bundle\Test\KernelTestCase.php:89
C:\xampp\htdocs\UniLearn-PI-main\vendor\symfony\framework-bundle\Test\WebTestCase.php:44
C:\xampp\htdocs\UniLearn-PI-main\tests\MessageTest.php:25

18) App\Tests\PaymentTest::testPaymentPage
LogicException: Could not find service "test.service_container". Try updating the "framework.test" config to "true".

C:\xampp\htdocs\UniLearn-PI-main\vendor\symfony\framework-bundle\Test\KernelTestCase.php:120
C:\xampp\htdocs\UniLearn-PI-main\vendor\symfony\framework-bundle\Test\KernelTestCase.php:89
C:\xampp\htdocs\UniLearn-PI-main\vendor\symfony\framework-bundle\Test\WebTestCase.php:44
C:\xampp\htdocs\UniLearn-PI-main\tests\PaymentTest.php:11

Caused by
Symfony\Component\DependencyInjection\Exception\ServiceNotFoundException: You have requested a non-existent service "test.service_container". Did you mean this: "service_container"?

C:\xampp\htdocs\UniLearn-PI-main\vendor\symfony\dependency-injection\Container.php:263
C:\xampp\htdocs\UniLearn-PI-main\vendor\symfony\dependency-injection\Container.php:211
C:\xampp\htdocs\UniLearn-PI-main\vendor\symfony\framework-bundle\Test\KernelTestCase.php:118
C:\xampp\htdocs\UniLearn-PI-main\vendor\symfony\framework-bundle\Test\KernelTestCase.php:89
C:\xampp\htdocs\UniLearn-PI-main\vendor\symfony\framework-bundle\Test\WebTestCase.php:44
C:\xampp\htdocs\UniLearn-PI-main\tests\PaymentTest.php:11

19) App\Tests\PaymentTest::testPaymentHistory
LogicException: Could not find service "test.service_container". Try updating the "framework.test" config to "true".

C:\xampp\htdocs\UniLearn-PI-main\vendor\symfony\framework-bundle\Test\KernelTestCase.php:120
C:\xampp\htdocs\UniLearn-PI-main\vendor\symfony\framework-bundle\Test\KernelTestCase.php:89
C:\xampp\htdocs\UniLearn-PI-main\vendor\symfony\framework-bundle\Test\WebTestCase.php:44
C:\xampp\htdocs\UniLearn-PI-main\tests\PaymentTest.php:18

Caused by
Symfony\Component\DependencyInjection\Exception\ServiceNotFoundException: You have requested a non-existent service "test.service_container". Did you mean this: "service_container"?

C:\xampp\htdocs\UniLearn-PI-main\vendor\symfony\dependency-injection\Container.php:263
C:\xampp\htdocs\UniLearn-PI-main\vendor\symfony\dependency-injection\Container.php:211
C:\xampp\htdocs\UniLearn-PI-main\vendor\symfony\framework-bundle\Test\KernelTestCase.php:118
C:\xampp\htdocs\UniLearn-PI-main\vendor\symfony\framework-bundle\Test\KernelTestCase.php:89
C:\xampp\htdocs\UniLearn-PI-main\vendor\symfony\framework-bundle\Test\WebTestCase.php:44
C:\xampp\htdocs\UniLearn-PI-main\tests\PaymentTest.php:18

20) App\Tests\PaymentTest::testPaymentSuccess
LogicException: Could not find service "test.service_container". Try updating the "framework.test" config to "true".

C:\xampp\htdocs\UniLearn-PI-main\vendor\symfony\framework-bundle\Test\KernelTestCase.php:120
C:\xampp\htdocs\UniLearn-PI-main\vendor\symfony\framework-bundle\Test\KernelTestCase.php:89
C:\xampp\htdocs\UniLearn-PI-main\vendor\symfony\framework-bundle\Test\WebTestCase.php:44
C:\xampp\htdocs\UniLearn-PI-main\tests\PaymentTest.php:25

Caused by
Symfony\Component\DependencyInjection\Exception\ServiceNotFoundException: You have requested a non-existent service "test.service_container". Did you mean this: "service_container"?

C:\xampp\htdocs\UniLearn-PI-main\vendor\symfony\dependency-injection\Container.php:263
C:\xampp\htdocs\UniLearn-PI-main\vendor\symfony\dependency-injection\Container.php:211
C:\xampp\htdocs\UniLearn-PI-main\vendor\symfony\framework-bundle\Test\KernelTestCase.php:118
C:\xampp\htdocs\UniLearn-PI-main\vendor\symfony\framework-bundle\Test\KernelTestCase.php:89
C:\xampp\htdocs\UniLearn-PI-main\vendor\symfony\framework-bundle\Test\WebTestCase.php:44
C:\xampp\htdocs\UniLearn-PI-main\tests\PaymentTest.php:25

21) App\Tests\PaymentTest::testPaymentCancel
LogicException: Could not find service "test.service_container". Try updating the "framework.test" config to "true".

C:\xampp\htdocs\UniLearn-PI-main\vendor\symfony\framework-bundle\Test\KernelTestCase.php:120
C:\xampp\htdocs\UniLearn-PI-main\vendor\symfony\framework-bundle\Test\KernelTestCase.php:89
C:\xampp\htdocs\UniLearn-PI-main\vendor\symfony\framework-bundle\Test\WebTestCase.php:44
C:\xampp\htdocs\UniLearn-PI-main\tests\PaymentTest.php:32

Caused by
Symfony\Component\DependencyInjection\Exception\ServiceNotFoundException: You have requested a non-existent service "test.service_container". Did you mean this: "service_container"?

C:\xampp\htdocs\UniLearn-PI-main\vendor\symfony\dependency-injection\Container.php:263
C:\xampp\htdocs\UniLearn-PI-main\vendor\symfony\dependency-injection\Container.php:211
C:\xampp\htdocs\UniLearn-PI-main\vendor\symfony\framework-bundle\Test\KernelTestCase.php:118
C:\xampp\htdocs\UniLearn-PI-main\vendor\symfony\framework-bundle\Test\KernelTestCase.php:89
C:\xampp\htdocs\UniLearn-PI-main\vendor\symfony\framework-bundle\Test\WebTestCase.php:44
C:\xampp\htdocs\UniLearn-PI-main\tests\PaymentTest.php:32

22) App\Tests\QuizTest::testQuizList
LogicException: Could not find service "test.service_container". Try updating the "framework.test" config to "true".

C:\xampp\htdocs\UniLearn-PI-main\vendor\symfony\framework-bundle\Test\KernelTestCase.php:120
C:\xampp\htdocs\UniLearn-PI-main\vendor\symfony\framework-bundle\Test\KernelTestCase.php:89
C:\xampp\htdocs\UniLearn-PI-main\vendor\symfony\framework-bundle\Test\WebTestCase.php:44
C:\xampp\htdocs\UniLearn-PI-main\tests\QuizTest.php:11

Caused by
Symfony\Component\DependencyInjection\Exception\ServiceNotFoundException: You have requested a non-existent service "test.service_container". Did you mean this: "service_container"?

C:\xampp\htdocs\UniLearn-PI-main\vendor\symfony\dependency-injection\Container.php:263
C:\xampp\htdocs\UniLearn-PI-main\vendor\symfony\dependency-injection\Container.php:211
C:\xampp\htdocs\UniLearn-PI-main\vendor\symfony\framework-bundle\Test\KernelTestCase.php:118
C:\xampp\htdocs\UniLearn-PI-main\vendor\symfony\framework-bundle\Test\KernelTestCase.php:89
C:\xampp\htdocs\UniLearn-PI-main\vendor\symfony\framework-bundle\Test\WebTestCase.php:44
C:\xampp\htdocs\UniLearn-PI-main\tests\QuizTest.php:11

23) App\Tests\QuizTest::testQuizTake
LogicException: Could not find service "test.service_container". Try updating the "framework.test" config to "true".

C:\xampp\htdocs\UniLearn-PI-main\vendor\symfony\framework-bundle\Test\KernelTestCase.php:120
C:\xampp\htdocs\UniLearn-PI-main\vendor\symfony\framework-bundle\Test\KernelTestCase.php:89
C:\xampp\htdocs\UniLearn-PI-main\vendor\symfony\framework-bundle\Test\WebTestCase.php:44
C:\xampp\htdocs\UniLearn-PI-main\tests\QuizTest.php:20

Caused by
Symfony\Component\DependencyInjection\Exception\ServiceNotFoundException: You have requested a non-existent service "test.service_container". Did you mean this: "service_container"?

C:\xampp\htdocs\UniLearn-PI-main\vendor\symfony\dependency-injection\Container.php:263
C:\xampp\htdocs\UniLearn-PI-main\vendor\symfony\dependency-injection\Container.php:211
C:\xampp\htdocs\UniLearn-PI-main\vendor\symfony\framework-bundle\Test\KernelTestCase.php:118
C:\xampp\htdocs\UniLearn-PI-main\vendor\symfony\framework-bundle\Test\KernelTestCase.php:89
C:\xampp\htdocs\UniLearn-PI-main\vendor\symfony\framework-bundle\Test\WebTestCase.php:44
C:\xampp\htdocs\UniLearn-PI-main\tests\QuizTest.php:20

24) App\Tests\QuizTest::testQuizResults
LogicException: Could not find service "test.service_container". Try updating the "framework.test" config to "true".

C:\xampp\htdocs\UniLearn-PI-main\vendor\symfony\framework-bundle\Test\KernelTestCase.php:120
C:\xampp\htdocs\UniLearn-PI-main\vendor\symfony\framework-bundle\Test\KernelTestCase.php:89
C:\xampp\htdocs\UniLearn-PI-main\vendor\symfony\framework-bundle\Test\WebTestCase.php:44
C:\xampp\htdocs\UniLearn-PI-main\tests\QuizTest.php:29

Caused by
Symfony\Component\DependencyInjection\Exception\ServiceNotFoundException: You have requested a non-existent service "test.service_container". Did you mean this: "service_container"?

C:\xampp\htdocs\UniLearn-PI-main\vendor\symfony\dependency-injection\Container.php:263
C:\xampp\htdocs\UniLearn-PI-main\vendor\symfony\dependency-injection\Container.php:211
C:\xampp\htdocs\UniLearn-PI-main\vendor\symfony\framework-bundle\Test\KernelTestCase.php:118
C:\xampp\htdocs\UniLearn-PI-main\vendor\symfony\framework-bundle\Test\KernelTestCase.php:89
C:\xampp\htdocs\UniLearn-PI-main\vendor\symfony\framework-bundle\Test\WebTestCase.php:44
C:\xampp\htdocs\UniLearn-PI-main\tests\QuizTest.php:29

25) App\Tests\ReviewTest::testReviewList
LogicException: Could not find service "test.service_container". Try updating the "framework.test" config to "true".

C:\xampp\htdocs\UniLearn-PI-main\vendor\symfony\framework-bundle\Test\KernelTestCase.php:120
C:\xampp\htdocs\UniLearn-PI-main\vendor\symfony\framework-bundle\Test\KernelTestCase.php:89
C:\xampp\htdocs\UniLearn-PI-main\vendor\symfony\framework-bundle\Test\WebTestCase.php:44
C:\xampp\htdocs\UniLearn-PI-main\tests\ReviewTest.php:11

Caused by
Symfony\Component\DependencyInjection\Exception\ServiceNotFoundException: You have requested a non-existent service "test.service_container". Did you mean this: "service_container"?

C:\xampp\htdocs\UniLearn-PI-main\vendor\symfony\dependency-injection\Container.php:263
C:\xampp\htdocs\UniLearn-PI-main\vendor\symfony\dependency-injection\Container.php:211
C:\xampp\htdocs\UniLearn-PI-main\vendor\symfony\framework-bundle\Test\KernelTestCase.php:118
C:\xampp\htdocs\UniLearn-PI-main\vendor\symfony\framework-bundle\Test\KernelTestCase.php:89
C:\xampp\htdocs\UniLearn-PI-main\vendor\symfony\framework-bundle\Test\WebTestCase.php:44
C:\xampp\htdocs\UniLearn-PI-main\tests\ReviewTest.php:11

26) App\Tests\ReviewTest::testReviewCreate
LogicException: Could not find service "test.service_container". Try updating the "framework.test" config to "true".

C:\xampp\htdocs\UniLearn-PI-main\vendor\symfony\framework-bundle\Test\KernelTestCase.php:120
C:\xampp\htdocs\UniLearn-PI-main\vendor\symfony\framework-bundle\Test\KernelTestCase.php:89
C:\xampp\htdocs\UniLearn-PI-main\vendor\symfony\framework-bundle\Test\WebTestCase.php:44
C:\xampp\htdocs\UniLearn-PI-main\tests\ReviewTest.php:18

Caused by
Symfony\Component\DependencyInjection\Exception\ServiceNotFoundException: You have requested a non-existent service "test.service_container". Did you mean this: "service_container"?

C:\xampp\htdocs\UniLearn-PI-main\vendor\symfony\dependency-injection\Container.php:263
C:\xampp\htdocs\UniLearn-PI-main\vendor\symfony\dependency-injection\Container.php:211
C:\xampp\htdocs\UniLearn-PI-main\vendor\symfony\framework-bundle\Test\KernelTestCase.php:118
C:\xampp\htdocs\UniLearn-PI-main\vendor\symfony\framework-bundle\Test\KernelTestCase.php:89
C:\xampp\htdocs\UniLearn-PI-main\vendor\symfony\framework-bundle\Test\WebTestCase.php:44
C:\xampp\htdocs\UniLearn-PI-main\tests\ReviewTest.php:18

27) App\Tests\ReviewTest::testReviewEdit
LogicException: Could not find service "test.service_container". Try updating the "framework.test" config to "true".

C:\xampp\htdocs\UniLearn-PI-main\vendor\symfony\framework-bundle\Test\KernelTestCase.php:120
C:\xampp\htdocs\UniLearn-PI-main\vendor\symfony\framework-bundle\Test\KernelTestCase.php:89
C:\xampp\htdocs\UniLearn-PI-main\vendor\symfony\framework-bundle\Test\WebTestCase.php:44
C:\xampp\htdocs\UniLearn-PI-main\tests\ReviewTest.php:25

Caused by
Symfony\Component\DependencyInjection\Exception\ServiceNotFoundException: You have requested a non-existent service "test.service_container". Did you mean this: "service_container"?

C:\xampp\htdocs\UniLearn-PI-main\vendor\symfony\dependency-injection\Container.php:263
C:\xampp\htdocs\UniLearn-PI-main\vendor\symfony\dependency-injection\Container.php:211
C:\xampp\htdocs\UniLearn-PI-main\vendor\symfony\framework-bundle\Test\KernelTestCase.php:118
C:\xampp\htdocs\UniLearn-PI-main\vendor\symfony\framework-bundle\Test\KernelTestCase.php:89
C:\xampp\htdocs\UniLearn-PI-main\vendor\symfony\framework-bundle\Test\WebTestCase.php:44
C:\xampp\htdocs\UniLearn-PI-main\tests\ReviewTest.php:25

28) App\Tests\ReviewTest::testReviewDelete
LogicException: Could not find service "test.service_container". Try updating the "framework.test" config to "true".

C:\xampp\htdocs\UniLearn-PI-main\vendor\symfony\framework-bundle\Test\KernelTestCase.php:120
C:\xampp\htdocs\UniLearn-PI-main\vendor\symfony\framework-bundle\Test\KernelTestCase.php:89
C:\xampp\htdocs\UniLearn-PI-main\vendor\symfony\framework-bundle\Test\WebTestCase.php:44
C:\xampp\htdocs\UniLearn-PI-main\tests\ReviewTest.php:32

Caused by
Symfony\Component\DependencyInjection\Exception\ServiceNotFoundException: You have requested a non-existent service "test.service_container". Did you mean this: "service_container"?

C:\xampp\htdocs\UniLearn-PI-main\vendor\symfony\dependency-injection\Container.php:263
C:\xampp\htdocs\UniLearn-PI-main\vendor\symfony\dependency-injection\Container.php:211
C:\xampp\htdocs\UniLearn-PI-main\vendor\symfony\framework-bundle\Test\KernelTestCase.php:118
C:\xampp\htdocs\UniLearn-PI-main\vendor\symfony\framework-bundle\Test\KernelTestCase.php:89
C:\xampp\htdocs\UniLearn-PI-main\vendor\symfony\framework-bundle\Test\WebTestCase.php:44
C:\xampp\htdocs\UniLearn-PI-main\tests\ReviewTest.php:32

29) App\Tests\SearchTest::testSearchPage
LogicException: Could not find service "test.service_container". Try updating the "framework.test" config to "true".

C:\xampp\htdocs\UniLearn-PI-main\vendor\symfony\framework-bundle\Test\KernelTestCase.php:120
C:\xampp\htdocs\UniLearn-PI-main\vendor\symfony\framework-bundle\Test\KernelTestCase.php:89
C:\xampp\htdocs\UniLearn-PI-main\vendor\symfony\framework-bundle\Test\WebTestCase.php:44
C:\xampp\htdocs\UniLearn-PI-main\tests\SearchTest.php:11

Caused by
Symfony\Component\DependencyInjection\Exception\ServiceNotFoundException: You have requested a non-existent service "test.service_container". Did you mean this: "service_container"?

C:\xampp\htdocs\UniLearn-PI-main\vendor\symfony\dependency-injection\Container.php:263
C:\xampp\htdocs\UniLearn-PI-main\vendor\symfony\dependency-injection\Container.php:211
C:\xampp\htdocs\UniLearn-PI-main\vendor\symfony\framework-bundle\Test\KernelTestCase.php:118
C:\xampp\htdocs\UniLearn-PI-main\vendor\symfony\framework-bundle\Test\KernelTestCase.php:89
C:\xampp\htdocs\UniLearn-PI-main\vendor\symfony\framework-bundle\Test\WebTestCase.php:44
C:\xampp\htdocs\UniLearn-PI-main\tests\SearchTest.php:11

30) App\Tests\SearchTest::testSearchQuery
LogicException: Could not find service "test.service_container". Try updating the "framework.test" config to "true".

C:\xampp\htdocs\UniLearn-PI-main\vendor\symfony\framework-bundle\Test\KernelTestCase.php:120
C:\xampp\htdocs\UniLearn-PI-main\vendor\symfony\framework-bundle\Test\KernelTestCase.php:89
C:\xampp\htdocs\UniLearn-PI-main\vendor\symfony\framework-bundle\Test\WebTestCase.php:44
C:\xampp\htdocs\UniLearn-PI-main\tests\SearchTest.php:18

Caused by
Symfony\Component\DependencyInjection\Exception\ServiceNotFoundException: You have requested a non-existent service "test.service_container". Did you mean this: "service_container"?

C:\xampp\htdocs\UniLearn-PI-main\vendor\symfony\dependency-injection\Container.php:263
C:\xampp\htdocs\UniLearn-PI-main\vendor\symfony\dependency-injection\Container.php:211
C:\xampp\htdocs\UniLearn-PI-main\vendor\symfony\framework-bundle\Test\KernelTestCase.php:118
C:\xampp\htdocs\UniLearn-PI-main\vendor\symfony\framework-bundle\Test\KernelTestCase.php:89
C:\xampp\htdocs\UniLearn-PI-main\vendor\symfony\framework-bundle\Test\WebTestCase.php:44
C:\xampp\htdocs\UniLearn-PI-main\tests\SearchTest.php:18

31) App\Tests\UserTest::testUserLogin
LogicException: Could not find service "test.service_container". Try updating the "framework.test" config to "true".

C:\xampp\htdocs\UniLearn-PI-main\vendor\symfony\framework-bundle\Test\KernelTestCase.php:120
C:\xampp\htdocs\UniLearn-PI-main\vendor\symfony\framework-bundle\Test\KernelTestCase.php:89
C:\xampp\htdocs\UniLearn-PI-main\vendor\symfony\framework-bundle\Test\WebTestCase.php:44
C:\xampp\htdocs\UniLearn-PI-main\tests\UserTest.php:11

Caused by
Symfony\Component\DependencyInjection\Exception\ServiceNotFoundException: You have requested a non-existent service "test.service_container". Did you mean this: "service_container"?

C:\xampp\htdocs\UniLearn-PI-main\vendor\symfony\dependency-injection\Container.php:263
C:\xampp\htdocs\UniLearn-PI-main\vendor\symfony\dependency-injection\Container.php:211
C:\xampp\htdocs\UniLearn-PI-main\vendor\symfony\framework-bundle\Test\KernelTestCase.php:118
C:\xampp\htdocs\UniLearn-PI-main\vendor\symfony\framework-bundle\Test\KernelTestCase.php:89
C:\xampp\htdocs\UniLearn-PI-main\vendor\symfony\framework-bundle\Test\WebTestCase.php:44
C:\xampp\htdocs\UniLearn-PI-main\tests\UserTest.php:11

ERRORS!
Tests: 31, Assertions: 0, Errors: 31.
