PHPUnit 10.5.63 by Sebastian Bergmann and contributors.

Runtime:       PHP 8.2.12
Configuration: C:\xampp\htdocs\UniLearn-PI-main\phpunit.xml

EEE                                                                 3 / 3 (100%)

Time: 00:00.065, Memory: 16.00 MB

There were 3 errors:

1) App\Tests\KernelTest::testApplicationBoot
LogicException: Could not find service "test.service_container". Try updating the "framework.test" config to "true".

C:\xampp\htdocs\UniLearn-PI-main\vendor\symfony\framework-bundle\Test\KernelTestCase.php:120
C:\xampp\htdocs\UniLearn-PI-main\vendor\symfony\framework-bundle\Test\KernelTestCase.php:89
C:\xampp\htdocs\UniLearn-PI-main\vendor\symfony\framework-bundle\Test\WebTestCase.php:44
C:\xampp\htdocs\UniLearn-PI-main\tests\KernelTest.php:11

Caused by
Symfony\Component\DependencyInjection\Exception\ServiceNotFoundException: You have requested a non-existent service "test.service_container". Did you mean this: "service_container"?

C:\xampp\htdocs\UniLearn-PI-main\vendor\symfony\dependency-injection\Container.php:263
C:\xampp\htdocs\UniLearn-PI-main\vendor\symfony\dependency-injection\Container.php:211
C:\xampp\htdocs\UniLearn-PI-main\vendor\symfony\framework-bundle\Test\KernelTestCase.php:118
C:\xampp\htdocs\UniLearn-PI-main\vendor\symfony\framework-bundle\Test\KernelTestCase.php:89
C:\xampp\htdocs\UniLearn-PI-main\vendor\symfony\framework-bundle\Test\WebTestCase.php:44
C:\xampp\htdocs\UniLearn-PI-main\tests\KernelTest.php:11

2) App\Tests\KernelTest::testHomePage
LogicException: Could not find service "test.service_container". Try updating the "framework.test" config to "true".

C:\xampp\htdocs\UniLearn-PI-main\vendor\symfony\framework-bundle\Test\KernelTestCase.php:120
C:\xampp\htdocs\UniLearn-PI-main\vendor\symfony\framework-bundle\Test\KernelTestCase.php:89
C:\xampp\htdocs\UniLearn-PI-main\vendor\symfony\framework-bundle\Test\WebTestCase.php:44
C:\xampp\htdocs\UniLearn-PI-main\tests\KernelTest.php:19

Caused by
Symfony\Component\DependencyInjection\Exception\ServiceNotFoundException: You have requested a non-existent service "test.service_container". Did you mean this: "service_container"?

C:\xampp\htdocs\UniLearn-PI-main\vendor\symfony\dependency-injection\Container.php:263
C:\xampp\htdocs\UniLearn-PI-main\vendor\symfony\dependency-injection\Container.php:211
C:\xampp\htdocs\UniLearn-PI-main\vendor\symfony\framework-bundle\Test\KernelTestCase.php:118
C:\xampp\htdocs\UniLearn-PI-main\vendor\symfony\framework-bundle\Test\KernelTestCase.php:89
C:\xampp\htdocs\UniLearn-PI-main\vendor\symfony\framework-bundle\Test\WebTestCase.php:44
C:\xampp\htdocs\UniLearn-PI-main\tests\KernelTest.php:19

3) App\Tests\KernelTest::testServiceContainer
LogicException: Could not find service "test.service_container". Try updating the "framework.test" config to "true".

C:\xampp\htdocs\UniLearn-PI-main\vendor\symfony\framework-bundle\Test\KernelTestCase.php:120
C:\xampp\htdocs\UniLearn-PI-main\vendor\symfony\framework-bundle\Test\KernelTestCase.php:89
C:\xampp\htdocs\UniLearn-PI-main\vendor\symfony\framework-bundle\Test\WebTestCase.php:44
C:\xampp\htdocs\UniLearn-PI-main\tests\KernelTest.php:30

Caused by
Symfony\Component\DependencyInjection\Exception\ServiceNotFoundException: You have requested a non-existent service "test.service_container". Did you mean this: "service_container"?

C:\xampp\htdocs\UniLearn-PI-main\vendor\symfony\dependency-injection\Container.php:263
C:\xampp\htdocs\UniLearn-PI-main\vendor\symfony\dependency-injection\Container.php:211
C:\xampp\htdocs\UniLearn-PI-main\vendor\symfony\framework-bundle\Test\KernelTestCase.php:118
C:\xampp\htdocs\UniLearn-PI-main\vendor\symfony\framework-bundle\Test\KernelTestCase.php:89
C:\xampp\htdocs\UniLearn-PI-main\vendor\symfony\framework-bundle\Test\WebTestCase.php:44
C:\xampp\htdocs\UniLearn-PI-main\tests\KernelTest.php:30

ERRORS!
Tests: 3, Assertions: 0, Errors: 3.
